// Jest Snapshot v1, https://goo.gl/fbAQLP

exports[`AppHeader:index renders itself into the DOM with the correct shallowComponent styles 1`] = `
<div>
  <div>
    <div
      className="ui inverted vertical center aligned segment"
    >
      <div
        className="ui container"
      >
        <div
          className="ui large inverted pointing secondary menu"
        >
          <a
            aria-current={false}
            className="item"
            href="/"
            onClick={[Function]}
            style={undefined}
          >
            Home
          </a>
          <a
            aria-current={false}
            className="item"
            href="/users"
            onClick={[Function]}
            style={undefined}
          >
            Users
          </a>
          <a
            aria-current={false}
            className="item"
            href="/gqlusers"
            onClick={[Function]}
            style={undefined}
          >
            GQL Users
          </a>
          <a
            aria-current={false}
            className="item"
            href="/counter"
            onClick={[Function]}
            style={undefined}
          >
            Counter
          </a>
          <a
            aria-current={false}
            className="item"
            href="/weather"
            onClick={[Function]}
            style={undefined}
          >
            Weather
          </a>
          <div
            className="item"
            onClick={[Function]}
          >
            <a
              href="/profile"
              onClick={[Function]}
            >
              Profile
            </a>
          </div>
          <div
            className="item"
            onClick={[Function]}
          >
            <a
              href="/login"
              onClick={[Function]}
            >
              Login
            </a>
          </div>
          <div
            className="item"
            onClick={[Function]}
          >
            <a
              href="/logout"
              onClick={[Function]}
            >
              Logout
            </a>
          </div>
          <div
            className="right item"
            onClick={[Function]}
          >
            <div>
              <button
                className="ui button"
                disabled={undefined}
                onBlur={[Function]}
                onClick={[Function]}
                onFocus={[Function]}
                onMouseEnter={[Function]}
                onMouseLeave={[Function]}
                role="button"
                tabIndex={undefined}
              >
                Sign in
              </button>
            </div>
            <div>
              <button
                className="ui button"
                disabled={undefined}
                onBlur={[Function]}
                onClick={[Function]}
                onFocus={[Function]}
                onMouseEnter={[Function]}
                onMouseLeave={[Function]}
                role="button"
                tabIndex={undefined}
              >
                Logout
              </button>
            </div>
            <div>
              <button
                className="ui button"
                disabled={undefined}
                onBlur={[Function]}
                onClick={[Function]}
                onFocus={[Function]}
                onMouseEnter={[Function]}
                onMouseLeave={[Function]}
                role="button"
                tabIndex={undefined}
              >
                Sign up
              </button>
            </div>
          </div>
        </div>
      </div>
    </div>
  </div>
</div>
`;
